I'm sorry, but errors were detected in your script. Please correct the
errors listed below, and try again.


File "game/bg/bookstore/bookstore.rpy", line 4: invalid syntax. Perhaps you forgot a comma?
    Gift("yuri_manga", price=50, tooltip="A manga that represents lesbian scenes", tags=["books", "manga"],romance les_bonus=1, bonus_traits=["not_religious", "bookworm"])
                                                                                                               ^^^^^^^^^^^^^^^^^

Ren'Py Version: Ren'Py 8.5.2.26010301
Sat Jul  4 09:24:08 2026
